node.exe : - Generating 
browser application bundles 
(phase: setup)...
At line:1 char:1
+ & "C:\Program 
Files\nodejs/node.exe" "C:\Us
ers\Admin\AppData\Roaming\ 
...
+ ~~~~~~~~~~~~~~~~~~~~~~~~~~~
~~~~~~~~~~~~~~~~~~~~~~~~~~~~~
~~~~~~~~~~~~~
    + CategoryInfo           
   : NotSpecified: (- Gener  
  ating br...hase: setup).   
 ..:String) [], RemoteExc    
eption
    + FullyQualifiedErrorId  
   : NativeCommandError
 
Γ£ö Browser application 
bundle generation complete.
Γ£ö Browser application 
bundle generation complete.

Warning: E:/github-ahsan/angu
lar-ecommerce/frontend/src/ap
p/features/cart/cart.componen
t.ts-angular-inline--11.css 
exceeded maximum budget. 
Budget 2.00 kB was not met 
by 26 bytes with a total of 
2.03 kB.



./src/app/features/auth/login
/login.component.ts:6:0-63 - 
Error: Module not found: 
Error: Can't resolve '../../c
ore/services/auth.service' 
in 'E:\github-ahsan\angular-e
commerce\frontend\src\app\fea
tures\auth\login'

./src/app/features/auth/login
/login.component.ts:7:0-74 - 
Error: Module not found: 
Error: Can't resolve '../../s
hared/ui/button/button.compon
ent' in 'E:\github-ahsan\angu
lar-ecommerce\frontend\src\ap
p\features\auth\login'

./src/app/features/auth/login
/login.component.ts:8:0-71 - 
Error: Module not found: 
Error: Can't resolve '../../s
hared/ui/input/input.componen
t' in 'E:\github-ahsan\angula
r-ecommerce\frontend\src\app\
features\auth\login'

./src/app/features/products/p
roduct-details/product-detail
s.component.ts:5:0-69 - 
Error: Module not found: 
Error: Can't resolve '../../c
ore/services/product.service'
 in 'E:\github-ahsan\angular-
ecommerce\frontend\src\app\fe
atures\products\product-detai
ls'

./src/app/features/products/p
roduct-details/product-detail
s.component.ts:6:0-63 - 
Error: Module not found: 
Error: Can't resolve '../../c
ore/services/cart.service' 
in 'E:\github-ahsan\angular-e
commerce\frontend\src\app\fea
tures\products\product-detail
s'

./src/app/features/products/p
roduct-details/product-detail
s.component.ts:7:0-74 - 
Error: Module not found: 
Error: Can't resolve '../../s
hared/ui/button/button.compon
ent' in 'E:\github-ahsan\angu
lar-ecommerce\frontend\src\ap
p\features\products\product-d
etails'

./src/app/features/products/p
roduct-details/product-detail
s.component.ts:8:0-103 - 
Error: Module not found: 
Error: Can't resolve '../../s
hared/ui/loading-skeleton/loa
ding-skeleton.component' in '
E:\github-ahsan\angular-ecomm
erce\frontend\src\app\feature
s\products\product-details'

Error: src/app/core/services/
auth.service.ts:49:23 - 
error TS2339: Property 
'info' does not exist on 
type 'ToastService'.

49     this.toastService.info
('Logged out successfully');
                         ~~~~


Error: src/app/features/auth/
login/login.component.ts:5:29
 - error TS2307: Cannot find 
module '../../core/services/a
uth.service' or its 
corresponding type 
declarations.

5 import { AuthService } 
from '../../core/services/aut
h.service';
                             
 ~~~~~~~~~~~~~~~~~~~~~~~~~~~~
~~~~~~


Error: src/app/features/auth/
login/login.component.ts:6:33
 - error TS2307: Cannot find 
module '../../shared/ui/butto
n/button.component' or its 
corresponding type 
declarations.

6 import { ButtonComponent } 
from '../../shared/ui/button/
button.component';
                             
     ~~~~~~~~~~~~~~~~~~~~~~~~
~~~~~~~~~~~~~~~~~


Error: src/app/features/auth/
login/login.component.ts:7:32
 - error TS2307: Cannot find 
module '../../shared/ui/input
/input.component' or its 
corresponding type 
declarations.

7 import { InputComponent } 
from '../../shared/ui/input/i
nput.component';
                             
    ~~~~~~~~~~~~~~~~~~~~~~~~~
~~~~~~~~~~~~~~


Error: src/app/features/auth/
login/login.component.ts:12:1
2 - error NG1010: 'imports' 
must be an array of 
components, directives, 
pipes, or NgModules.
  Value is of type 
'[CommonModule, 
ReactiveFormsModule, (not 
statically analyzable), (not 
statically analyzable)]'.

12   imports: [CommonModule, 
ReactiveFormsModule, 
ButtonComponent, 
InputComponent],
              ~~~~~~~~~~~~~~~
~~~~~~~~~~~~~~~~~~~~~~~~~~~~~
~~~~~~~~~~~~~~~~~~~~~~~~


Error: src/app/features/auth/
login/login.component.ts:12:1
2 - error NG1010: 'imports' 
must be an array of 
components, directives, 
pipes, or NgModules.
  Value is of type 
'[CommonModule, 
ReactiveFormsModule, (not 
statically analyzable), (not 
statically analyzable)]'.

12   imports: [CommonModule, 
ReactiveFormsModule, 
ButtonComponent, 
InputComponent],
              ~~~~~~~~~~~~~~~
~~~~~~~~~~~~~~~~~~~~~~~~~~~~~
~~~~~~~~~~~~~~~~~~~~~~~~


Error: src/app/features/auth/
login/login.component.ts:107:
5 - error TS2571: Object is 
of type 'unknown'.

107     this.authService.logi
n(email, 
password).subscribe({
        ~~~~~~~~~~~~~~~~


Error: src/app/features/produ
cts/product-details/product-d
etails.component.ts:5:32 - 
error TS2307: Cannot find 
module '../../core/services/p
roduct.service' or its 
corresponding type 
declarations.

5 import { ProductService } 
from '../../core/services/pro
duct.service';
                             
    ~~~~~~~~~~~~~~~~~~~~~~~~~
~~~~~~~~~~~~


Error: src/app/features/produ
cts/product-details/product-d
etails.component.ts:6:29 - 
error TS2307: Cannot find 
module '../../core/services/c
art.service' or its 
corresponding type 
declarations.

6 import { CartService } 
from '../../core/services/car
t.service';
                             
 ~~~~~~~~~~~~~~~~~~~~~~~~~~~~
~~~~~~


Error: src/app/features/produ
cts/product-details/product-d
etails.component.ts:7:25 - 
error TS2307: Cannot find 
module '../../core/models/pro
duct.model' or its 
corresponding type 
declarations.

7 import { Product } from '..
/../core/models/product.model
';
                          ~~~
~~~~~~~~~~~~~~~~~~~~~~~~~~~~~
~


Error: src/app/features/produ
cts/product-details/product-d
etails.component.ts:8:33 - 
error TS2307: Cannot find 
module '../../shared/ui/butto
n/button.component' or its 
corresponding type 
declarations.

8 import { ButtonComponent } 
from '../../shared/ui/button/
button.component';
                             
     ~~~~~~~~~~~~~~~~~~~~~~~~
~~~~~~~~~~~~~~~~~


Error: src/app/features/produ
cts/product-details/product-d
etails.component.ts:9:42 - 
error TS2307: Cannot find 
module '../../shared/ui/loadi
ng-skeleton/loading-skeleton.
component' or its 
corresponding type 
declarations.

9 import { 
LoadingSkeletonComponent } 
from '../../shared/ui/loading
-skeleton/loading-skeleton.co
mponent';
                             
              ~~~~~~~~~~~~~~~
~~~~~~~~~~~~~~~~~~~~~~~~~~~~~
~~~~~~~~~~~~~~~~~


Error: src/app/features/produ
cts/product-details/product-d
etails.component.ts:14:12 - 
error NG1010: 'imports' must 
be an array of components, 
directives, pipes, or 
NgModules.
  Value is of type 
'[CommonModule, (not 
statically analyzable), (not 
statically analyzable)]'.

14   imports: [CommonModule, 
ButtonComponent, 
LoadingSkeletonComponent],
              ~~~~~~~~~~~~~~~
~~~~~~~~~~~~~~~~~~~~~~~~~~~~~
~~~~~~~~~~~~~


Error: src/app/features/produ
cts/product-details/product-d
etails.component.ts:14:12 - 
error NG1010: 'imports' must 
be an array of components, 
directives, pipes, or 
NgModules.
  Value is of type 
'[CommonModule, (not 
statically analyzable), (not 
statically analyzable)]'.

14   imports: [CommonModule, 
ButtonComponent, 
LoadingSkeletonComponent],
              ~~~~~~~~~~~~~~~
~~~~~~~~~~~~~~~~~~~~~~~~~~~~~
~~~~~~~~~~~~~


Error: src/app/features/produ
cts/product-details/product-d
etails.component.ts:137:21 - 
error TS2571: Object is of 
type 'unknown'.

137     this.product$ = this.
productService.getProduct(Num
ber(this.id));
                        
~~~~~~~~~~~~~~~~~~~


Error: src/app/features/produ
cts/product-details/product-d
etails.component.ts:141:5 - 
error TS2571: Object is of 
type 'unknown'.

141     this.cartService.addT
oCart(product);
        ~~~~~~~~~~~~~~~~



